// Jest Snapshot v1, https://goo.gl/fbAQLP

exports[`renders correctly 1`] = `
<View
  style={
    Object {
      "alignItems": "center",
    }
  }
>
  <Text
    style={
      Object {
        "color": "#323C4C",
        "fontSize": 15,
        "marginBottom": 10,
      }
    }
  >
    How to sort
  </Text>
  <View
    style={
      Array [
        Object {
          "width": "100%",
        },
        Object {
          "zIndex": 5000,
        },
        Object {
          "height": undefined,
          "marginBottom": 20,
        },
      ]
    }
  >
    <View
      accessibilityState={
        Object {
          "disabled": false,
        }
      }
      accessible={true}
      collapsable={false}
      focusable={true}
      forwardedRef={[Function]}
      onClick={[Function]}
      onLayout={[Function]}
      onResponderGrant={[Function]}
      onResponderMove={[Function]}
      onResponderRelease={[Function]}
      onResponderTerminate={[Function]}
      onResponderTerminationRequest={[Function]}
      onStartShouldSetResponder={[Function]}
      style={
        Object {
          "alignItems": "center",
          "backgroundColor": "#00bf33",
          "borderColor": "#000",
          "borderRadius": 8,
          "borderWidth": 1,
          "flexDirection": "row",
          "justifyContent": "space-between",
          "minHeight": 50,
          "opacity": 1,
          "paddingHorizontal": 10,
          "paddingVertical": 3,
          "width": "80%",
          "zIndex": 5000,
        }
      }
    >
      <Text
        style={
          Array [
            Object {
              "color": "#000",
              "flex": 1,
            },
            Object {
              "color": "white",
              "fontSize": 15,
            },
            false,
            Object {},
          ]
        }
      >
        Select an item
      </Text>
      <View
        style={
          Array [
            Object {
              "marginLeft": 10,
            },
            Object {},
          ]
        }
      >
        <Image
          source="arrow-down.png"
          style={
            Array [
              Object {
                "height": 20,
                "width": 20,
              },
              Object {},
            ]
          }
        />
      </View>
    </View>
  </View>
</View>
`;
