// Jest Snapshot v1, https://goo.gl/fbAQLP

exports[`renders correctly 1`] = `
<View
  accessible={true}
  collapsable={false}
  focusable={true}
  onClick={[Function]}
  onResponderGrant={[Function]}
  onResponderMove={[Function]}
  onResponderRelease={[Function]}
  onResponderTerminate={[Function]}
  onResponderTerminationRequest={[Function]}
  onStartShouldSetResponder={[Function]}
  style={
    Object {
      "alignItems": "center",
      "backgroundColor": "#323C4C",
      "borderRadius": 30,
      "height": 50,
      "justifyContent": "center",
      "marginLeft": 10,
      "opacity": 1,
      "width": "50%",
    }
  }
>
  <Text
    style={
      Object {
        "color": "white",
      }
    }
  />
</View>
`;
