// Jest Snapshot v1, https://goo.gl/fbAQLP

exports[`renders correctly 1`] = `
<View
  style={
    Object {
      "backgroundColor": "#00bf33",
      "borderRadius": 30,
      "height": 50,
      "marginBottom": 20,
      "width": "80%",
    }
  }
>
  <TextInput
    autoCapitalize="none"
    onChangeText={[Function]}
    placeholder=""
    placeholderTextColor="white"
    style={
      Object {
        "color": "white",
        "height": 50,
        "marginLeft": 20,
        "marginRight": 20,
      }
    }
  />
</View>
`;
